{
  "exclude": {
    "files": ".lock",
    "lines": null
  },
  "generated_at": "2020-10-26T16:54:06Z",
  "plugins_used": [
    {
      "name": "AWSKeyDetector"
    },
    {
      "name": "ArtifactoryDetector"
    },
    {
      "base64_limit": 4.5,
      "name": "Base64HighEntropyString"
    },
    {
      "name": "BasicAuthDetector"
    },
    {
      "name": "CloudantDetector"
    },
    {
      "hex_limit": 3,
      "name": "HexHighEntropyString"
    },
    {
      "name": "IbmCloudIamDetector"
    },
    {
      "name": "IbmCosHmacDetector"
    },
    {
      "name": "JwtTokenDetector"
    },
    {
      "keyword_exclude": null,
      "name": "KeywordDetector"
    },
    {
      "name": "MailchimpDetector"
    },
    {
      "name": "PrivateKeyDetector"
    },
    {
      "name": "SlackDetector"
    },
    {
      "name": "SoftlayerDetector"
    },
    {
      "name": "StripeDetector"
    },
    {
      "name": "TwilioKeyDetector"
    }
  ],
  "results": {
    "src/index.html": [
      {
        "hashed_secret": "a22d88b65fc2d9afbc2205d06f68d7af807b045c",
        "is_verified": false,
        "line_number": 5,
        "type": "Base64 High Entropy String"
      }
    ]
  },
  "version": "0.13.1",
  "word_list": {
    "file": null,
    "hash": null
  }
}
